// Vitest Snapshot v1, https://vitest.dev/guide/snapshot.html

exports[`E2E > should generate d.ts files with custom EOL 1`] = `
"declare const styles: {
  readonly \\"container\\": string;
  readonly \\"title\\": string;
  readonly \\"button\\": string;
};
export = styles;

"
`;

exports[`E2E > should generate d.ts files with custom outDir 1`] = `
"declare const styles: {
  readonly \\"container\\": string;
  readonly \\"title\\": string;
  readonly \\"button\\": string;
};
export = styles;

"
`;

exports[`E2E > should generate d.ts files with dashes camelCase option 1`] = `
"declare const styles: {
  readonly \\"container\\": string;
  readonly \\"title\\": string;
  readonly \\"button\\": string;
};
export = styles;

"
`;

exports[`E2E > should generate d.ts files with default options 1`] = `
"declare const styles: {
  readonly \\"container\\": string;
  readonly \\"title\\": string;
  readonly \\"button\\": string;
};
export = styles;

"
`;

exports[`E2E > should generate d.ts files with named exports 1`] = `
"export const __esModule: true;
export const container: string;
export const title: string;
export const button: string;

"
`;
